// Jest Snapshot v1, https://goo.gl/fbAQLP

exports[`check form appearance 1`] = `
<div
  class="my-ads"
  data-testid="my-ads"
>
  <h1>
    my advertisements
  </h1>
  <div
    class="advertisements"
    data-testid="advertisements"
  >
    <form
      class="add-adv"
      data-testid="form-ad"
      novalidate=""
    >
      <label
        class="big-field"
      >
        <h3>
          Title:
        </h3>
        <input
          data-testid="form__title"
          name="title"
          placeholder="Please enter a valid title. String must contain at least 6 characters."
          type="text"
        />
      </label>
      <label
        class="big-field"
      >
        <h3>
          Description:
        </h3>
        <input
          data-testid="form__description"
          name="description"
          placeholder="Please enter a valid description. String must contain at least 10 characters."
          type="text"
        />
      </label>
      <label
        class="middle-field"
      >
        <h3>
          Tel:
        </h3>
        <input
          data-testid="form__tel"
          name="phone"
          placeholder="Please enter a valid number. Number must contain at least 5 digits."
          type="tel"
        />
      </label>
      <label
        class="middle-field"
      >
        <h3>
          E-mail:
        </h3>
        <input
          data-testid="form__email"
          name="email"
          placeholder="Please enter a valid email"
          type="email"
        />
      </label>
      <label
        class="small-field"
      >
        <h3>
          Area (㎡):
        </h3>
        <input
          data-testid="form__area"
          name="area"
          placeholder="Enter the area of the house"
          type="number"
        />
      </label>
      <label
        class="small-field"
      >
        <h3>
          Price:
        </h3>
        <div
          class="price"
        >
          <input
            data-testid="form__price"
            name="price"
            placeholder="Enter price"
            type="number"
          />
          <select
            name="currency"
          >
            <option
              selected=""
              value="$"
            >
              $
            </option>
            <option
              value="€"
            >
              €
            </option>
            <option
              value="₽"
            >
              ₽
            </option>
          </select>
        </div>
      </label>
      <label
        class="small-field"
      >
        <h3>
          Date of construction:
        </h3>
        <input
          data-testid="form__date"
          name="date"
          type="date"
        />
      </label>
      <div
        class="middle-field ad-type"
      >
        <h3>
          Type of ad:
        </h3>
        <input
          checked=""
          id="sale"
          name="typeAdd"
          type="radio"
          value="sale"
        />
        <label
          class="switcher"
          for="sale"
        >
          <span>
            Sale
          </span>
        </label>
        <input
          id="rent"
          name="typeAdd"
          type="radio"
          value="rent"
        />
        <label
          class="switcher"
          for="rent"
        >
          <span>
            Rent
          </span>
        </label>
      </div>
      <label
        class="middle-field"
      >
        <h3>
          Ready for use
        </h3>
        <input
          name="isReady"
          type="checkbox"
        />
      </label>
      <label
        class="big-field"
      >
        <h3>
          Add images:
        </h3>
        <input
          data-testid="form__file"
          name="img"
          type="file"
        />
      </label>
      <input
        class="submit-button"
        data-testid="form__submit"
        disabled=""
        type="submit"
        value="send"
      />
    </form>
    <div
      class="ads-list"
      data-testid="ads-list"
    />
  </div>
</div>
`;
